// Jest Snapshot v1, https://goo.gl/fbAQLP

exports[`Article Component matches the snapshot 1`] = `
<div
  className="canvas"
>
  <div
    className="landing"
  >
    <Connect(Navbar) />
    <div
      align="center"
      className="inputPanel"
    >
      <div
        className="inputForm"
      >
        <form
          onSubmit={[Function]}
        >
          <input
            name="title"
            onChange={[Function]}
            placeholder="Title"
            required={true}
            type="text"
            value=""
          />
          <input
            id="description"
            name="description"
            onChange={[Function]}
            placeholder="Description"
            required={true}
            type="text"
            value=""
          />
          <textarea
            name="body"
            onChange={[Function]}
            placeholder="Body"
            required={true}
            type="text"
            value=""
          />
          <button
            name="createArtile"
            type="submit"
          >
            Create Article
          </button>
        </form>
      </div>
    </div>
    <Footer />
  </div>
</div>
`;
